Watching for file changes with StatReloader
Unauthorized: /api/dashboard/
[11/Sep/2026 12:34:04] "GET /api/dashboard/ HTTP/1.1" 401 58
Unauthorized: /api/dashboard/
[11/Sep/2026 12:36:09] "GET /api/dashboard/ HTTP/1.1" 401 58
Internal Server Error: /api/register/
Traceback (most recent call last):
  File "C:\Users\Tejaswi\OneDrive\Desktop\BETTER_THAN_YESTERDAY\env\Lib\site-packages\django\core\handlers\exception.py", line 56, in inner
    response = get_response(request)
  File "C:\Users\Tejaswi\OneDrive\Desktop\BETTER_THAN_YESTERDAY\env\Lib\site-packages\django\core\handlers\base.py", line 199, in _get_response
    response = wrapped_callback(request, *callback_args, **callback_kwargs)
  File "C:\Users\Tejaswi\OneDrive\Desktop\BETTER_THAN_YESTERDAY\env\Lib\site-packages\django\views\decorators\csrf.py", line 64, in _view_wrapper
    return view_func(request, *args, **kwargs)
  File "C:\Users\Tejaswi\OneDrive\Desktop\BETTER_THAN_YESTERDAY\env\Lib\site-packages\django\views\generic\base.py", line 105, in view
    return self.dispatch(request, *args, **kwargs)
           ~~~~~~~~~~~~~^^^^^^^^^^^^^^^^^^^^^^^^^^
  File "C:\Users\Tejaswi\OneDrive\Desktop\BETTER_THAN_YESTERDAY\env\Lib\site-packages\rest_framework\views.py", line 526, in dispatch
    response = self.handle_exception(exc)
  File "C:\Users\Tejaswi\OneDrive\Desktop\BETTER_THAN_YESTERDAY\env\Lib\site-packages\rest_framework\views.py", line 474, in handle_exception
    self.raise_uncaught_exception(exc)
    ~~~~~~~~~~~~~~~~~~~~~~~~~~~~~^^^^^
  File "C:\Users\Tejaswi\OneDrive\Desktop\BETTER_THAN_YESTERDAY\env\Lib\site-packages\rest_framework\views.py", line 485, in raise_uncaught_exception
    raise exc
  File "C:\Users\Tejaswi\OneDrive\Desktop\BETTER_THAN_YESTERDAY\env\Lib\site-packages\rest_framework\views.py", line 523, in dispatch
    response = handler(request, *args, **kwargs)
  File "C:\Users\Tejaswi\OneDrive\Desktop\BETTER_THAN_YESTERDAY\core\views.py", line 82, in post
    serializer.save()
    ~~~~~~~~~~~~~~~^^
  File "C:\Users\Tejaswi\OneDrive\Desktop\BETTER_THAN_YESTERDAY\env\Lib\site-packages\rest_framework\serializers.py", line 208, in save
    self.instance = self.create(validated_data)
                    ~~~~~~~~~~~^^^^^^^^^^^^^^^^
  File "C:\Users\Tejaswi\OneDrive\Desktop\BETTER_THAN_YESTERDAY\core\serializers.py", line 41, in create
    email=validated_data['email'],
          ~~~~~~~~~~~~~~^^^^^^^^^
KeyError: 'email'
[11/Sep/2026 12:50:12] "POST /api/register/ HTTP/1.1" 500 103904
C:\Users\Tejaswi\OneDrive\Desktop\BETTER_THAN_YESTERDAY\core\serializers.py changed, reloading.
Performing system checks...

System check identified no issues (0 silenced).
September 11, 2026 - 12:33:53
Django version 6.1.1, using settings 'better_than_yesterday.settings'
Starting WSGI development server at http://0.0.0.0:8000/
Quit the server with CTRL-BREAK.

WARNING: This is a development server. Do not use it in a production setting. Use a production WSGI or ASGI server instead.
For more information on production servers see: https://docs.djangoproject.com/en/6.1/howto/deployment/
Watching for file changes with StatReloader
[11/Sep/2026 13:02:13,300] - Broken pipe from ('127.0.0.1', 49337)
[11/Sep/2026 13:06:13] "POST /api/register/ HTTP/1.1" 201 42
[11/Sep/2026 13:08:09] "POST /api/token/ HTTP/1.1" 200 489
Unauthorized: /api/dashboard/
[11/Sep/2026 13:09:59] "GET /api/dashboard/ HTTP/1.1" 401 172
Unauthorized: /api/dashboard/
[11/Sep/2026 13:13:26] "GET /api/dashboard/ HTTP/1.1" 401 172
[11/Sep/2026 13:15:26] "POST /api/register/ HTTP/1.1" 201 42
[11/Sep/2026 13:15:39] "POST /api/token/ HTTP/1.1" 200 489
[11/Sep/2026 13:15:40] "GET /api/dashboard/ HTTP/1.1" 200 507
[11/Sep/2026 13:59:48] "POST /api/register/ HTTP/1.1" 201 42
[11/Sep/2026 13:59:57] "POST /api/token/ HTTP/1.1" 200 489
[11/Sep/2026 13:59:57] "GET /api/dashboard/ HTTP/1.1" 200 507
C:\Users\Tejaswi\OneDrive\Desktop\BETTER_THAN_YESTERDAY\better_than_yesterday\settings.py changed, reloading.
Performing system checks...

System check identified no issues (0 silenced).
September 11, 2026 - 12:57:38
Django version 6.1.1, using settings 'better_than_yesterday.settings'
Starting WSGI development server at http://0.0.0.0:8000/
Quit the server with CTRL-BREAK.

WARNING: This is a development server. Do not use it in a production setting. Use a production WSGI or ASGI server instead.
For more information on production servers see: https://docs.djangoproject.com/en/6.1/howto/deployment/
Watching for file changes with StatReloader
[12/Sep/2026 09:49:17] "OPTIONS /api/dashboard/ HTTP/1.1" 200 0
[12/Sep/2026 09:49:17] "OPTIONS /api/dashboard/comparison/ HTTP/1.1" 200 0
[12/Sep/2026 09:49:17] "OPTIONS /api/activities/today/ HTTP/1.1" 200 0
[12/Sep/2026 09:49:17] "OPTIONS /api/goals/today/ HTTP/1.1" 200 0
[12/Sep/2026 09:49:17] "OPTIONS /api/achievements/ HTTP/1.1" 200 0
Unauthorized: /api/dashboard/comparison/
Unauthorized: /api/dashboard/
Unauthorized: /api/goals/today/
[12/Sep/2026 09:49:17] "GET /api/dashboard/comparison/ HTTP/1.1" 401 172
Unauthorized: /api/activities/today/
[12/Sep/2026 09:49:17] "GET /api/dashboard/ HTTP/1.1" 401 172
Unauthorized: /api/achievements/
[12/Sep/2026 09:49:17] "GET /api/goals/today/ HTTP/1.1" 401 172
[12/Sep/2026 09:49:17] "GET /api/activities/today/ HTTP/1.1" 401 172
[12/Sep/2026 09:49:17] "GET /api/achievements/ HTTP/1.1" 401 172
[12/Sep/2026 09:49:17] "OPTIONS /api/token/refresh/ HTTP/1.1" 200 0
[12/Sep/2026 09:49:17] "OPTIONS /api/token/refresh/ HTTP/1.1" 200 0
[12/Sep/2026 09:49:17] "OPTIONS /api/token/refresh/ HTTP/1.1" 200 0
Unauthorized: /api/token/refresh/
Unauthorized: /api/token/refresh/
Unauthorized: /api/token/refresh/
Unauthorized: /api/token/refresh/
Unauthorized: /api/token/refresh/
[12/Sep/2026 09:49:17] "POST /api/token/refresh/ HTTP/1.1" 401 54
[12/Sep/2026 09:49:17] "POST /api/token/refresh/ HTTP/1.1" 401 54
[12/Sep/2026 09:49:17] "POST /api/token/refresh/ HTTP/1.1" 401 54
[12/Sep/2026 09:49:17] "POST /api/token/refresh/ HTTP/1.1" 401 54
[12/Sep/2026 09:49:17] "POST /api/token/refresh/ HTTP/1.1" 401 54
[12/Sep/2026 10:06:43] "OPTIONS /api/token/ HTTP/1.1" 200 0
[12/Sep/2026 10:06:46] "POST /api/token/ HTTP/1.1" 200 489
[12/Sep/2026 10:06:51] "GET /api/activities/today/ HTTP/1.1" 200 2
[12/Sep/2026 10:06:51] "GET /api/goals/today/ HTTP/1.1" 200 154
[12/Sep/2026 10:06:51] "GET /api/dashboard/comparison/ HTTP/1.1" 200 40
[12/Sep/2026 10:06:52,323] - Broken pipe from ('127.0.0.1', 64711)
[12/Sep/2026 10:06:52] "GET /api/activities/today/ HTTP/1.1" 200 2
[12/Sep/2026 10:06:52] "GET /api/goals/today/ HTTP/1.1" 200 154
[12/Sep/2026 10:06:52] "GET /api/dashboard/comparison/ HTTP/1.1" 200 40
[12/Sep/2026 10:06:52] "GET /api/dashboard/ HTTP/1.1" 200 665
[12/Sep/2026 10:06:54] "GET /api/goals/today/ HTTP/1.1" 200 154
[12/Sep/2026 10:06:54] "GET /api/activities/today/ HTTP/1.1" 200 2
[12/Sep/2026 10:06:54] "GET /api/dashboard/comparison/ HTTP/1.1" 200 40
[12/Sep/2026 10:06:54] "GET /api/dashboard/ HTTP/1.1" 200 665
Unauthorized: /api/dashboard/
Unauthorized: /api/activities/today/
Unauthorized: /api/goals/today/
Unauthorized: /api/dashboard/comparison/
[12/Sep/2026 10:13:58] "GET /api/activities/today/ HTTP/1.1" 401 172
[12/Sep/2026 10:13:58] "GET /api/dashboard/ HTTP/1.1" 401 172
Unauthorized: /api/achievements/
[12/Sep/2026 10:13:58] "GET /api/goals/today/ HTTP/1.1" 401 172
[12/Sep/2026 10:13:58] "GET /api/dashboard/comparison/ HTTP/1.1" 401 172
[12/Sep/2026 10:13:58] "GET /api/achievements/ HTTP/1.1" 401 172
[12/Sep/2026 10:13:58] "POST /api/token/refresh/ HTTP/1.1" 200 244
[12/Sep/2026 10:13:58] "POST /api/token/refresh/ HTTP/1.1" 200 244
[12/Sep/2026 10:13:58] "POST /api/token/refresh/ HTTP/1.1" 200 244
[12/Sep/2026 10:13:58] "POST /api/token/refresh/ HTTP/1.1" 200 244
[12/Sep/2026 10:13:58] "POST /api/token/refresh/ HTTP/1.1" 200 244
[12/Sep/2026 10:13:58] "GET /api/activities/today/ HTTP/1.1" 200 2
[12/Sep/2026 10:13:58] "GET /api/dashboard/comparison/ HTTP/1.1" 200 40
[12/Sep/2026 10:13:58] "GET /api/goals/today/ HTTP/1.1" 200 154
[12/Sep/2026 10:13:58] "GET /api/achievements/ HTTP/1.1" 200 679
[12/Sep/2026 10:13:59] "GET /api/dashboard/ HTTP/1.1" 200 665
Unauthorized: /api/activities/today/
Unauthorized: /api/dashboard/
Unauthorized: /api/goals/today/
Unauthorized: /api/dashboard/comparison/
[12/Sep/2026 10:30:41] "GET /api/activities/today/ HTTP/1.1" 401 172
[12/Sep/2026 10:30:41] "GET /api/dashboard/ HTTP/1.1" 401 172
Unauthorized: /api/achievements/
[12/Sep/2026 10:30:41] "GET /api/goals/today/ HTTP/1.1" 401 172
[12/Sep/2026 10:30:41] "GET /api/dashboard/comparison/ HTTP/1.1" 401 172
[12/Sep/2026 10:30:41] "GET /api/achievements/ HTTP/1.1" 401 172
[12/Sep/2026 10:30:41] "POST /api/token/refresh/ HTTP/1.1" 200 244
[12/Sep/2026 10:30:41] "POST /api/token/refresh/ HTTP/1.1" 200 244
[12/Sep/2026 10:30:41] "POST /api/token/refresh/ HTTP/1.1" 200 244
[12/Sep/2026 10:30:41] "POST /api/token/refresh/ HTTP/1.1" 200 244
[12/Sep/2026 10:30:41] "POST /api/token/refresh/ HTTP/1.1" 200 244
[12/Sep/2026 10:30:41] "GET /api/activities/today/ HTTP/1.1" 200 2
[12/Sep/2026 10:30:41] "GET /api/dashboard/comparison/ HTTP/1.1" 200 40
[12/Sep/2026 10:30:41] "GET /api/goals/today/ HTTP/1.1" 200 154
[12/Sep/2026 10:30:41] "GET /api/achievements/ HTTP/1.1" 200 679
[12/Sep/2026 10:30:41] "GET /api/dashboard/ HTTP/1.1" 200 665
[12/Sep/2026 18:19:10] "OPTIONS /api/activities/today/ HTTP/1.1" 200 0
[12/Sep/2026 18:19:10] "OPTIONS /api/dashboard/ HTTP/1.1" 200 0
[12/Sep/2026 18:19:10] "OPTIONS /api/goals/today/ HTTP/1.1" 200 0
[12/Sep/2026 18:19:10] "OPTIONS /api/dashboard/comparison/ HTTP/1.1" 200 0
Unauthorized: /api/dashboard/
[12/Sep/2026 18:19:10] "OPTIONS /api/achievements/ HTTP/1.1" 200 0
Unauthorized: /api/dashboard/comparison/
Unauthorized: /api/activities/today/
Unauthorized: /api/goals/today/
[12/Sep/2026 18:19:10] "GET /api/dashboard/ HTTP/1.1" 401 172
Unauthorized: /api/achievements/
[12/Sep/2026 18:19:10] "GET /api/dashboard/comparison/ HTTP/1.1" 401 172
[12/Sep/2026 18:19:10] "GET /api/activities/today/ HTTP/1.1" 401 172
[12/Sep/2026 18:19:10] "GET /api/goals/today/ HTTP/1.1" 401 172
[12/Sep/2026 18:19:10] "GET /api/achievements/ HTTP/1.1" 401 172
[12/Sep/2026 18:19:10] "OPTIONS /api/token/refresh/ HTTP/1.1" 200 0
[12/Sep/2026 18:19:10] "OPTIONS /api/token/refresh/ HTTP/1.1" 200 0
[12/Sep/2026 18:19:10] "OPTIONS /api/token/refresh/ HTTP/1.1" 200 0
[12/Sep/2026 18:19:10] "OPTIONS /api/token/refresh/ HTTP/1.1" 200 0
[12/Sep/2026 18:19:10] "OPTIONS /api/token/refresh/ HTTP/1.1" 200 0
[12/Sep/2026 18:19:10] "POST /api/token/refresh/ HTTP/1.1" 200 244
[12/Sep/2026 18:19:10] "POST /api/token/refresh/ HTTP/1.1" 200 244
[12/Sep/2026 18:19:10] "POST /api/token/refresh/ HTTP/1.1" 200 244
[12/Sep/2026 18:19:10] "POST /api/token/refresh/ HTTP/1.1" 200 244
[12/Sep/2026 18:19:10] "POST /api/token/refresh/ HTTP/1.1" 200 244
[12/Sep/2026 18:19:10] "GET /api/activities/today/ HTTP/1.1" 200 2
[12/Sep/2026 18:19:10] "GET /api/dashboard/comparison/ HTTP/1.1" 200 40
[12/Sep/2026 18:19:10] "GET /api/goals/today/ HTTP/1.1" 200 154
[12/Sep/2026 18:19:10] "GET /api/achievements/ HTTP/1.1" 200 679
[12/Sep/2026 18:19:11] "GET /api/dashboard/ HTTP/1.1" 200 665
[12/Sep/2026 18:19:12] "GET /api/achievements/ HTTP/1.1" 200 679
[12/Sep/2026 18:19:13] "OPTIONS /api/productivity-heatmap/ HTTP/1.1" 200 0
[12/Sep/2026 18:19:13] "GET /api/dashboard/comparison/ HTTP/1.1" 200 40
[12/Sep/2026 18:19:14] "GET /api/dashboard/ HTTP/1.1" 200 665
[12/Sep/2026 18:19:15] "GET /api/goals/today/ HTTP/1.1" 200 154
[12/Sep/2026 18:19:17] "GET /api/productivity-heatmap/ HTTP/1.1" 200 12425
[12/Sep/2026 18:19:18] "OPTIONS /api/focus/ HTTP/1.1" 200 0
[12/Sep/2026 18:19:18] "GET /api/activities/today/ HTTP/1.1" 200 2
[12/Sep/2026 18:19:18] "GET /api/activities/today/ HTTP/1.1" 200 2
[12/Sep/2026 18:19:18] "GET /api/focus/ HTTP/1.1" 200 155
[12/Sep/2026 18:19:18] "GET /api/activities/today/ HTTP/1.1" 200 2
[12/Sep/2026 18:19:18] "GET /api/goals/today/ HTTP/1.1" 200 154
[12/Sep/2026 18:19:18] "GET /api/dashboard/comparison/ HTTP/1.1" 200 40
[12/Sep/2026 18:19:18] "GET /api/dashboard/ HTTP/1.1" 200 665
[12/Sep/2026 18:19:49] "GET /api/activities/today/ HTTP/1.1" 200 2
[12/Sep/2026 18:19:49] "GET /api/dashboard/comparison/ HTTP/1.1" 200 40
[12/Sep/2026 18:19:49] "GET /api/goals/today/ HTTP/1.1" 200 154
[12/Sep/2026 18:19:49] "GET /api/achievements/ HTTP/1.1" 200 679
[12/Sep/2026 18:19:49] "GET /api/dashboard/ HTTP/1.1" 200 665
[12/Sep/2026 18:20:49] "GET /api/activities/today/ HTTP/1.1" 200 2
[12/Sep/2026 18:20:49] "GET /api/goals/today/ HTTP/1.1" 200 154
[12/Sep/2026 18:20:49] "GET /api/dashboard/comparison/ HTTP/1.1" 200 40
[12/Sep/2026 18:20:49] "GET /api/achievements/ HTTP/1.1" 200 679
[12/Sep/2026 18:20:49] "GET /api/dashboard/ HTTP/1.1" 200 665
Unauthorized: /api/activities/today/
Unauthorized: /api/dashboard/
Unauthorized: /api/goals/today/
Unauthorized: /api/dashboard/comparison/
[12/Sep/2026 18:38:10] "GET /api/dashboard/ HTTP/1.1" 401 172
Unauthorized: /api/achievements/
[12/Sep/2026 18:38:10] "GET /api/activities/today/ HTTP/1.1" 401 172
[12/Sep/2026 18:38:10] "GET /api/goals/today/ HTTP/1.1" 401 172
[12/Sep/2026 18:38:10] "GET /api/dashboard/comparison/ HTTP/1.1" 401 172
[12/Sep/2026 18:38:10] "GET /api/achievements/ HTTP/1.1" 401 172
[12/Sep/2026 18:38:10] "POST /api/token/refresh/ HTTP/1.1" 200 244
[12/Sep/2026 18:38:10] "POST /api/token/refresh/ HTTP/1.1" 200 244
[12/Sep/2026 18:38:10] "POST /api/token/refresh/ HTTP/1.1" 200 244
[12/Sep/2026 18:38:10] "POST /api/token/refresh/ HTTP/1.1" 200 244
[12/Sep/2026 18:38:10] "POST /api/token/refresh/ HTTP/1.1" 200 244
[12/Sep/2026 18:38:10] "GET /api/activities/today/ HTTP/1.1" 200 2
[12/Sep/2026 18:38:10] "GET /api/dashboard/comparison/ HTTP/1.1" 200 40
[12/Sep/2026 18:38:10] "GET /api/goals/today/ HTTP/1.1" 200 154
[12/Sep/2026 18:38:10] "GET /api/achievements/ HTTP/1.1" 200 679
[12/Sep/2026 18:38:10] "GET /api/dashboard/ HTTP/1.1" 200 665
Unauthorized: /api/activities/today/
Unauthorized: /api/dashboard/comparison/
Unauthorized: /api/dashboard/
Unauthorized: /api/goals/today/
[12/Sep/2026 18:46:20] "GET /api/activities/today/ HTTP/1.1" 401 172
[12/Sep/2026 18:46:20] "GET /api/dashboard/comparison/ HTTP/1.1" 401 172
Unauthorized: /api/achievements/
[12/Sep/2026 18:46:20] "GET /api/dashboard/ HTTP/1.1" 401 172
[12/Sep/2026 18:46:20] "GET /api/goals/today/ HTTP/1.1" 401 172
[12/Sep/2026 18:46:20] "GET /api/achievements/ HTTP/1.1" 401 172
[12/Sep/2026 18:46:20] "POST /api/token/refresh/ HTTP/1.1" 200 244
[12/Sep/2026 18:46:20] "POST /api/token/refresh/ HTTP/1.1" 200 244
[12/Sep/2026 18:46:20] "POST /api/token/refresh/ HTTP/1.1" 200 244
[12/Sep/2026 18:46:20] "POST /api/token/refresh/ HTTP/1.1" 200 244
[12/Sep/2026 18:46:20] "POST /api/token/refresh/ HTTP/1.1" 200 244
[12/Sep/2026 18:46:20] "GET /api/activities/today/ HTTP/1.1" 200 2
[12/Sep/2026 18:46:20] "GET /api/dashboard/comparison/ HTTP/1.1" 200 40
[12/Sep/2026 18:46:20] "GET /api/goals/today/ HTTP/1.1" 200 154
[12/Sep/2026 18:46:20] "GET /api/achievements/ HTTP/1.1" 200 679
[12/Sep/2026 18:46:21] "GET /api/dashboard/ HTTP/1.1" 200 665
[12/Sep/2026 18:47:24] "GET /api/activities/today/ HTTP/1.1" 200 2
[12/Sep/2026 18:47:24] "GET /api/goals/today/ HTTP/1.1" 200 154
[12/Sep/2026 18:47:24] "GET /api/dashboard/comparison/ HTTP/1.1" 200 40
[12/Sep/2026 18:47:24] "GET /api/achievements/ HTTP/1.1" 200 679
[12/Sep/2026 18:47:24] "GET /api/dashboard/ HTTP/1.1" 200 665
Unauthorized: /api/dashboard/
Unauthorized: /api/activities/today/
Unauthorized: /api/goals/today/
[12/Sep/2026 18:57:04] "GET /api/dashboard/ HTTP/1.1" 401 172
[12/Sep/2026 18:57:04] "GET /api/activities/today/ HTTP/1.1" 401 172
Unauthorized: /api/dashboard/comparison/
[12/Sep/2026 18:57:04] "GET /api/goals/today/ HTTP/1.1" 401 172
Unauthorized: /api/achievements/
[12/Sep/2026 18:57:04] "GET /api/dashboard/comparison/ HTTP/1.1" 401 172
[12/Sep/2026 18:57:04] "GET /api/achievements/ HTTP/1.1" 401 172
[12/Sep/2026 18:57:04] "POST /api/token/refresh/ HTTP/1.1" 200 244
[12/Sep/2026 18:57:04] "POST /api/token/refresh/ HTTP/1.1" 200 244
[12/Sep/2026 18:57:04] "POST /api/token/refresh/ HTTP/1.1" 200 244
[12/Sep/2026 18:57:04] "POST /api/token/refresh/ HTTP/1.1" 200 244
[12/Sep/2026 18:57:04] "POST /api/token/refresh/ HTTP/1.1" 200 244
[12/Sep/2026 18:57:04] "GET /api/activities/today/ HTTP/1.1" 200 2
[12/Sep/2026 18:57:04] "GET /api/goals/today/ HTTP/1.1" 200 154
[12/Sep/2026 18:57:04] "GET /api/dashboard/comparison/ HTTP/1.1" 200 40
[12/Sep/2026 18:57:04] "GET /api/achievements/ HTTP/1.1" 200 679
[12/Sep/2026 18:57:05] "GET /api/dashboard/ HTTP/1.1" 200 665
